
> ai-agency-landing-page@0.1.0 build
> next build

node.exe : ÔÜá 
Warning: Next.js 
inferred your 
workspace root, but it 
may not be correct.
At C:\Program Files\nod
ejs\npm.ps1:29 char:3
+   & $NODE_EXE 
$NPM_CLI_JS $args
+   ~~~~~~~~~~~~~~~~~~~
~~~~~~~~~~
    + CategoryInfo     
         : NotSpecifi  
  ed: (ÔÜá Warning:    
 Ne...not be correc    
t.:String) [], Rem    
oteException
    + FullyQualifiedEr 
   rorId : NativeComm  
  andError
 
 We detected multiple 
lockfiles and selected 
the directory of C:\Use
rs\vijay\package-lock.j
son as the root 
directory.
 To silence this 
warning, set 
`turbopack.root` in 
your Next.js config, 
or consider removing 
one of the lockfiles 
if it's not needed.
   See https://nextjs.o
rg/docs/app/api-referen
ce/config/next-config-j
s/turbopack#root-direct
ory for more 
information.
 Detected additional 
lockfiles: 
   * C:\Users\vijay\.ge
mini\antigravity\scratc
h\ai-agency-landing-pag
e\package-lock.json

Ôû▓ Next.js 16.1.6 (Turbopack)

  Creating an optimized production build ...

> Build error occurred
Error: Turbopack build 
failed with 2 errors:
./.gemini/antigravity/s
cratch/ai-agency-landin
g-page/src/components/S
moothScroll.tsx:3:1
Module not found: 
Can't resolve '@studio-
freight/react-lenis'
[0m [90m 1 |[39m 
[32m'use 
client'[39m[33m;[39m
 [90m 2 |[39m
[31m[1m>[22m[39m[9
0m 3 |[39m 
[36mimport[39m { 
[33mReactLenis[39m } 
[36mfrom[39m [32m'@s
tudio-freight/react-len
is'[39m[33m;[39m
 [90m   |[39m [31m[
1m^[22m[39m[31m[1m^
[22m[39m[31m[1m^[2
2m[39m[31m[1m^[22m
[39m[31m[1m^[22m[39
m[31m[1m^[22m[39m[
31m[1m^[22m[39m[31m
[1m^[22m[39m[31m[1
m^[22m[39m[31m[1m^
[22m[39m[31m[1m^[22
m[39m[31m[1m^[22m[
39m[31m[1m^[22m[39m
[31m[1m^[22m[39m[3
1m[1m^[22m[39m[31m
[1m^[22m[39m[31m[1m
^[22m[39m[31m[1m^[
22m[39m[31m[1m^[22m
[39m[31m[1m^[22m[3
9m[31m[1m^[22m[39m
[31m[1m^[22m[39m[31
m[1m^[22m[39m[31m[
1m^[22m[39m[31m[1m^
[22m[39m[31m[1m^[2
2m[39m[31m[1m^[22m
[39m[31m[1m^[22m[39
m[31m[1m^[22m[39m[
31m[1m^[22m[39m[31m
[1m^[22m[39m[31m[1
m^[22m[39m[31m[1m^
[22m[39m[31m[1m^[22
m[39m[31m[1m^[22m[
39m[31m[1m^[22m[39m
[31m[1m^[22m[39m[3
1m[1m^[22m[39m[31m
[1m^[22m[39m[31m[1m
^[22m[39m[31m[1m^[
22m[39m[31m[1m^[22m
[39m[31m[1m^[22m[3
9m[31m[1m^[22m[39m
[31m[1m^[22m[39m[31
m[1m^[22m[39m[31m[
1m^[22m[39m[31m[1m^
[22m[39m[31m[1m^[2
2m[39m[31m[1m^[22m
[39m[31m[1m^[22m[39
m[31m[1m^[22m[39m[
31m[1m^[22m[39m[31m
[1m^[22m[39m[31m[1
m^[22m[39m[31m[1m^
[22m[39m[31m[1m^[22
m[39m
 [90m 4 |[39m
 [90m 5 |[39m 
[36mexport[39m 
[36mdefault[39m 
[36mfunction[39m [33
mSmoothScroll[39m({ 
children }[33m:[39m 
{ children[33m:[39m 
[33mReact[39m[33m.[3
9m[33mReactNode[39m 
}) {
 [90m 6 |[39m   
[36mreturn[39m ([0m



Import trace:
  Server Component:
    ./.gemini/antigravi
ty/scratch/ai-agency-la
nding-page/src/componen
ts/SmoothScroll.tsx
    ./.gemini/antigravi
ty/scratch/ai-agency-la
nding-page/src/app/layo
ut.tsx

https://nextjs.org/docs
/messages/module-not-fo
und


./.gemini/antigravity/s
cratch/ai-agency-landin
g-page/src/components/S
moothScroll.tsx:4:1
Module not found: 
Can't resolve '@studio-
freight/react-lenis'
[0m [90m 2 |[39m
 [90m 3 |[39m 
[36mimport[39m { c 
[36mas[39m _c } 
[36mfrom[39m [32m"re
act/compiler-runtime"[
39m[33m;[39m
[31m[1m>[22m[39m[9
0m 4 |[39m 
[36mimport[39m { 
[33mReactLenis[39m } 
[36mfrom[39m [32m'@s
tudio-freight/react-len
is'[39m[33m;[39m
 [90m   |[39m [31m[
1m^[22m[39m[31m[1m^
[22m[39m[31m[1m^[2
2m[39m[31m[1m^[22m
[39m[31m[1m^[22m[39
m[31m[1m^[22m[39m[
31m[1m^[22m[39m[31m
[1m^[22m[39m[31m[1
m^[22m[39m[31m[1m^
[22m[39m[31m[1m^[22
m[39m[31m[1m^[22m[
39m[31m[1m^[22m[39m
[31m[1m^[22m[39m[3
1m[1m^[22m[39m[31m
[1m^[22m[39m[31m[1m
^[22m[39m[31m[1m^[
22m[39m[31m[1m^[22m
[39m[31m[1m^[22m[3
9m[31m[1m^[22m[39m
[31m[1m^[22m[39m[31
m[1m^[22m[39m[31m[
1m^[22m[39m[31m[1m^
[22m[39m[31m[1m^[2
2m[39m[31m[1m^[22m
[39m[31m[1m^[22m[39
m[31m[1m^[22m[39m[
31m[1m^[22m[39m[31m
[1m^[22m[39m[31m[1
m^[22m[39m[31m[1m^
[22m[39m[31m[1m^[22
m[39m[31m[1m^[22m[
39m[31m[1m^[22m[39m
[31m[1m^[22m[39m[3
1m[1m^[22m[39m[31m
[1m^[22m[39m[31m[1m
^[22m[39m[31m[1m^[
22m[39m[31m[1m^[22m
[39m[31m[1m^[22m[3
9m[31m[1m^[22m[39m
[31m[1m^[22m[39m[31
m[1m^[22m[39m[31m[
1m^[22m[39m[31m[1m^
[22m[39m[31m[1m^[2
2m[39m[31m[1m^[22m
[39m[31m[1m^[22m[39
m[31m[1m^[22m[39m[
31m[1m^[22m[39m[31m
[1m^[22m[39m[31m[1
m^[22m[39m[31m[1m^
[22m[39m[31m[1m^[22
m[39m
 [90m 5 |[39m 
[36mexport[39m 
[36mdefault[39m 
[36mfunction[39m [33
mSmoothScroll[39m(t0) 
{
 [90m 6 |[39m   
[36mconst[39m $ 
[33m=[39m _c([35m3[
39m)[33m;[39m
 [90m 7 |[39m   
[36mconst[39m {[0m



Import trace:
  Server Component:
    ./.gemini/antigravi
ty/scratch/ai-agency-la
nding-page/src/componen
ts/SmoothScroll.tsx
    ./.gemini/antigravi
ty/scratch/ai-agency-la
nding-page/src/app/layo
ut.tsx

https://nextjs.org/docs
/messages/module-not-fo
und


    at <unknown> (./.ge
mini/antigravity/scratc
h/ai-agency-landing-pag
e/src/components/Smooth
Scroll.tsx:3:1)
    at <unknown> (https
://nextjs.org/docs/mess
ages/module-not-found)
    at <unknown> (./.ge
mini/antigravity/scratc
h/ai-agency-landing-pag
e/src/components/Smooth
Scroll.tsx:4:1)
    at <unknown> (https
://nextjs.org/docs/mess
ages/module-not-found)
